( 0) (program, example3, - , - )
( 1) (:=, 1 , - , ans)
( 2) (:=, 0 , - , i )
( 3) (:=, 10, - , j )
( 4) (j<, i , 10000, 6 )
( 5) (j , - , - , 9 )
( 6) (+ , ans, i , T1)
( 7) (:=, T1, - , ans)
( 8) (j , - , - , 4 )
( 9) (j>, i , 1000, 11)
(10) (j , - , - , 16)
(11) (j>, j , 0 , 13)
(12) (j , - , - , 16)
(13) (- , i , j , T2)
(14) (:=, T2, - , i )
(15) (j , - , - , 11)
(16) (sys, - , - , - )
