( 0) (program, example2, - , - )
( 1) (:=, 1 , - , A )
( 2) (:=, 0 , - , B )
( 3) (:=, 1 , - , C )
( 4) (j<, x , 100, 10)
( 5) (j , - , - , 6 )
( 6) (j>, x , 200, 8 )
( 7) (j , - , - , 11)
( 8) (j<>, x , y , 10)
( 9) (j , - , - , 11)
(10) (:=, 1 , - , C )
(11) (sys, - , - , - )
