( 0) (program, example6, - , - )
( 1) (j<, A , C , 3 )
( 2) (j , - , - , 16)
( 3) (j<, B , D , 5 )
( 4) (j , - , - , 16)
( 5) (j=, A , 1 , 7 )
( 6) (j , - , - , 10)
( 7) (+ , C , 1 , T1)
( 8) (:=, T1, - , C )
( 9) (j , - , - , 1 )
(10) (j<=, A , D , 12)
(11) (j , - , - , 1 )
(12) (+ , A , 2 , T2)
(13) (:=, T2, - , A )
(14) (j , - , - , 10)
(15) (j , - , - , 1 )
(16) (sys, - , - , - )
